Watching for file changes with StatReloader
Internal Server Error: /data/
Traceback (most recent call last):
  File "C:\Users\JSANTIAGO\Projects\dashboard_project\venv\lib\site-packages\django\db\backends\utils.py", line 87, in _execute
    return self.cursor.execute(sql)
  File "C:\Users\JSANTIAGO\Projects\dashboard_project\venv\lib\site-packages\django\db\backends\sqlite3\base.py", line 324, in execute
    return super().execute(query)
sqlite3.OperationalError: near "10": syntax error

The above exception was the direct cause of the following exception:

Traceback (most recent call last):
  File "C:\Users\JSANTIAGO\Projects\dashboard_project\venv\lib\site-packages\django\core\handlers\exception.py", line 55, in inner
    response = get_response(request)
  File "C:\Users\JSANTIAGO\Projects\dashboard_project\venv\lib\site-packages\django\core\handlers\base.py", line 197, in _get_response
    response = wrapped_callback(request, *callback_args, **callback_kwargs)
  File "C:\Users\JSANTIAGO\Projects\dashboard_project\live_dashboard\dashboard\views.py", line 24, in sample_data
    cursor.execute("SELECT TOP 10 id, name, value FROM YourTable")
  File "C:\Users\JSANTIAGO\Projects\dashboard_project\venv\lib\site-packages\django\db\backends\utils.py", line 102, in execute
    return super().execute(sql, params)
  File "C:\Users\JSANTIAGO\Projects\dashboard_project\venv\lib\site-packages\django\db\backends\utils.py", line 67, in execute
    return self._execute_with_wrappers(
  File "C:\Users\JSANTIAGO\Projects\dashboard_project\venv\lib\site-packages\django\db\backends\utils.py", line 80, in _execute_with_wrappers
    return executor(sql, params, many, context)
  File "C:\Users\JSANTIAGO\Projects\dashboard_project\venv\lib\site-packages\django\db\backends\utils.py", line 89, in _execute
    return self.cursor.execute(sql, params)
  File "C:\Users\JSANTIAGO\Projects\dashboard_project\venv\lib\site-packages\django\db\utils.py", line 91, in __exit__
    raise dj_exc_value.with_traceback(traceback) from exc_value
  File "C:\Users\JSANTIAGO\Projects\dashboard_project\venv\lib\site-packages\django\db\backends\utils.py", line 87, in _execute
    return self.cursor.execute(sql)
  File "C:\Users\JSANTIAGO\Projects\dashboard_project\venv\lib\site-packages\django\db\backends\sqlite3\base.py", line 324, in execute
    return super().execute(query)
django.db.utils.OperationalError: near "10": syntax error
[17/Jun/2025 14:20:11] "GET /data/ HTTP/1.1" 500 113959
[17/Jun/2025 14:20:25] "GET / HTTP/1.1" 200 983
Internal Server Error: /data/
Traceback (most recent call last):
  File "C:\Users\JSANTIAGO\Projects\dashboard_project\venv\lib\site-packages\django\db\backends\utils.py", line 87, in _execute
    return self.cursor.execute(sql)
  File "C:\Users\JSANTIAGO\Projects\dashboard_project\venv\lib\site-packages\django\db\backends\sqlite3\base.py", line 324, in execute
    return super().execute(query)
sqlite3.OperationalError: near "10": syntax error

The above exception was the direct cause of the following exception:

Traceback (most recent call last):
  File "C:\Users\JSANTIAGO\Projects\dashboard_project\venv\lib\site-packages\django\core\handlers\exception.py", line 55, in inner
    response = get_response(request)
  File "C:\Users\JSANTIAGO\Projects\dashboard_project\venv\lib\site-packages\django\core\handlers\base.py", line 197, in _get_response
    response = wrapped_callback(request, *callback_args, **callback_kwargs)
  File "C:\Users\JSANTIAGO\Projects\dashboard_project\live_dashboard\dashboard\views.py", line 24, in sample_data
    cursor.execute("SELECT TOP 10 id, name, value FROM YourTable")
  File "C:\Users\JSANTIAGO\Projects\dashboard_project\venv\lib\site-packages\django\db\backends\utils.py", line 102, in execute
    return super().execute(sql, params)
  File "C:\Users\JSANTIAGO\Projects\dashboard_project\venv\lib\site-packages\django\db\backends\utils.py", line 67, in execute
    return self._execute_with_wrappers(
  File "C:\Users\JSANTIAGO\Projects\dashboard_project\venv\lib\site-packages\django\db\backends\utils.py", line 80, in _execute_with_wrappers
    return executor(sql, params, many, context)
  File "C:\Users\JSANTIAGO\Projects\dashboard_project\venv\lib\site-packages\django\db\backends\utils.py", line 89, in _execute
    return self.cursor.execute(sql, params)
  File "C:\Users\JSANTIAGO\Projects\dashboard_project\venv\lib\site-packages\django\db\utils.py", line 91, in __exit__
    raise dj_exc_value.with_traceback(traceback) from exc_value
  File "C:\Users\JSANTIAGO\Projects\dashboard_project\venv\lib\site-packages\django\db\backends\utils.py", line 87, in _execute
    return self.cursor.execute(sql)
  File "C:\Users\JSANTIAGO\Projects\dashboard_project\venv\lib\site-packages\django\db\backends\sqlite3\base.py", line 324, in execute
    return super().execute(query)
django.db.utils.OperationalError: near "10": syntax error
[17/Jun/2025 14:20:25] "GET /data/ HTTP/1.1" 500 113959
Not Found: /favicon.ico
[17/Jun/2025 14:20:25] "GET /favicon.ico HTTP/1.1" 404 2596
Internal Server Error: /data/
Traceback (most recent call last):
  File "C:\Users\JSANTIAGO\Projects\dashboard_project\venv\lib\site-packages\django\db\backends\utils.py", line 87, in _execute
    return self.cursor.execute(sql)
  File "C:\Users\JSANTIAGO\Projects\dashboard_project\venv\lib\site-packages\django\db\backends\sqlite3\base.py", line 324, in execute
    return super().execute(query)
sqlite3.OperationalError: near "10": syntax error

The above exception was the direct cause of the following exception:

Traceback (most recent call last):
  File "C:\Users\JSANTIAGO\Projects\dashboard_project\venv\lib\site-packages\django\core\handlers\exception.py", line 55, in inner
    response = get_response(request)
  File "C:\Users\JSANTIAGO\Projects\dashboard_project\venv\lib\site-packages\django\core\handlers\base.py", line 197, in _get_response
    response = wrapped_callback(request, *callback_args, **callback_kwargs)
  File "C:\Users\JSANTIAGO\Projects\dashboard_project\live_dashboard\dashboard\views.py", line 24, in sample_data
    cursor.execute("SELECT TOP 10 id, name, value FROM YourTable")
  File "C:\Users\JSANTIAGO\Projects\dashboard_project\venv\lib\site-packages\django\db\backends\utils.py", line 102, in execute
    return super().execute(sql, params)
  File "C:\Users\JSANTIAGO\Projects\dashboard_project\venv\lib\site-packages\django\db\backends\utils.py", line 67, in execute
    return self._execute_with_wrappers(
  File "C:\Users\JSANTIAGO\Projects\dashboard_project\venv\lib\site-packages\django\db\backends\utils.py", line 80, in _execute_with_wrappers
    return executor(sql, params, many, context)
  File "C:\Users\JSANTIAGO\Projects\dashboard_project\venv\lib\site-packages\django\db\backends\utils.py", line 89, in _execute
    return self.cursor.execute(sql, params)
  File "C:\Users\JSANTIAGO\Projects\dashboard_project\venv\lib\site-packages\django\db\utils.py", line 91, in __exit__
    raise dj_exc_value.with_traceback(traceback) from exc_value
  File "C:\Users\JSANTIAGO\Projects\dashboard_project\venv\lib\site-packages\django\db\backends\utils.py", line 87, in _execute
    return self.cursor.execute(sql)
  File "C:\Users\JSANTIAGO\Projects\dashboard_project\venv\lib\site-packages\django\db\backends\sqlite3\base.py", line 324, in execute
    return super().execute(query)
django.db.utils.OperationalError: near "10": syntax error
[17/Jun/2025 14:21:25] "GET /data/ HTTP/1.1" 500 113959
Internal Server Error: /data/
Traceback (most recent call last):
  File "C:\Users\JSANTIAGO\Projects\dashboard_project\venv\lib\site-packages\django\db\backends\utils.py", line 87, in _execute
    return self.cursor.execute(sql)
  File "C:\Users\JSANTIAGO\Projects\dashboard_project\venv\lib\site-packages\django\db\backends\sqlite3\base.py", line 324, in execute
    return super().execute(query)
sqlite3.OperationalError: near "10": syntax error

The above exception was the direct cause of the following exception:

Traceback (most recent call last):
  File "C:\Users\JSANTIAGO\Projects\dashboard_project\venv\lib\site-packages\django\core\handlers\exception.py", line 55, in inner
    response = get_response(request)
  File "C:\Users\JSANTIAGO\Projects\dashboard_project\venv\lib\site-packages\django\core\handlers\base.py", line 197, in _get_response
    response = wrapped_callback(request, *callback_args, **callback_kwargs)
  File "C:\Users\JSANTIAGO\Projects\dashboard_project\live_dashboard\dashboard\views.py", line 24, in sample_data
    cursor.execute("SELECT TOP 10 id, name, value FROM YourTable")
  File "C:\Users\JSANTIAGO\Projects\dashboard_project\venv\lib\site-packages\django\db\backends\utils.py", line 102, in execute
    return super().execute(sql, params)
  File "C:\Users\JSANTIAGO\Projects\dashboard_project\venv\lib\site-packages\django\db\backends\utils.py", line 67, in execute
    return self._execute_with_wrappers(
  File "C:\Users\JSANTIAGO\Projects\dashboard_project\venv\lib\site-packages\django\db\backends\utils.py", line 80, in _execute_with_wrappers
    return executor(sql, params, many, context)
  File "C:\Users\JSANTIAGO\Projects\dashboard_project\venv\lib\site-packages\django\db\backends\utils.py", line 89, in _execute
    return self.cursor.execute(sql, params)
  File "C:\Users\JSANTIAGO\Projects\dashboard_project\venv\lib\site-packages\django\db\utils.py", line 91, in __exit__
    raise dj_exc_value.with_traceback(traceback) from exc_value
  File "C:\Users\JSANTIAGO\Projects\dashboard_project\venv\lib\site-packages\django\db\backends\utils.py", line 87, in _execute
    return self.cursor.execute(sql)
  File "C:\Users\JSANTIAGO\Projects\dashboard_project\venv\lib\site-packages\django\db\backends\sqlite3\base.py", line 324, in execute
    return super().execute(query)
django.db.utils.OperationalError: near "10": syntax error
[17/Jun/2025 14:22:25] "GET /data/ HTTP/1.1" 500 113959
Internal Server Error: /data/
Traceback (most recent call last):
  File "C:\Users\JSANTIAGO\Projects\dashboard_project\venv\lib\site-packages\django\db\backends\utils.py", line 87, in _execute
    return self.cursor.execute(sql)
  File "C:\Users\JSANTIAGO\Projects\dashboard_project\venv\lib\site-packages\django\db\backends\sqlite3\base.py", line 324, in execute
    return super().execute(query)
sqlite3.OperationalError: near "10": syntax error

The above exception was the direct cause of the following exception:

Traceback (most recent call last):
  File "C:\Users\JSANTIAGO\Projects\dashboard_project\venv\lib\site-packages\django\core\handlers\exception.py", line 55, in inner
    response = get_response(request)
  File "C:\Users\JSANTIAGO\Projects\dashboard_project\venv\lib\site-packages\django\core\handlers\base.py", line 197, in _get_response
    response = wrapped_callback(request, *callback_args, **callback_kwargs)
  File "C:\Users\JSANTIAGO\Projects\dashboard_project\live_dashboard\dashboard\views.py", line 24, in sample_data
    cursor.execute("SELECT TOP 10 id, name, value FROM YourTable")
  File "C:\Users\JSANTIAGO\Projects\dashboard_project\venv\lib\site-packages\django\db\backends\utils.py", line 102, in execute
    return super().execute(sql, params)
  File "C:\Users\JSANTIAGO\Projects\dashboard_project\venv\lib\site-packages\django\db\backends\utils.py", line 67, in execute
    return self._execute_with_wrappers(
  File "C:\Users\JSANTIAGO\Projects\dashboard_project\venv\lib\site-packages\django\db\backends\utils.py", line 80, in _execute_with_wrappers
    return executor(sql, params, many, context)
  File "C:\Users\JSANTIAGO\Projects\dashboard_project\venv\lib\site-packages\django\db\backends\utils.py", line 89, in _execute
    return self.cursor.execute(sql, params)
  File "C:\Users\JSANTIAGO\Projects\dashboard_project\venv\lib\site-packages\django\db\utils.py", line 91, in __exit__
    raise dj_exc_value.with_traceback(traceback) from exc_value
  File "C:\Users\JSANTIAGO\Projects\dashboard_project\venv\lib\site-packages\django\db\backends\utils.py", line 87, in _execute
    return self.cursor.execute(sql)
  File "C:\Users\JSANTIAGO\Projects\dashboard_project\venv\lib\site-packages\django\db\backends\sqlite3\base.py", line 324, in execute
    return super().execute(query)
django.db.utils.OperationalError: near "10": syntax error
[17/Jun/2025 14:22:59] "GET /data/ HTTP/1.1" 500 114219
C:\Users\JSANTIAGO\Projects\dashboard_project\live_dashboard\dashboard\views.py changed, reloading.
Performing system checks...

System check identified no issues (0 silenced).
June 17, 2025 - 14:19:18
Django version 4.2.23, using settings 'live_dashboard.settings'
Starting development server at http://127.0.0.1:8000/
Quit the server with CTRL-BREAK.

Watching for file changes with StatReloader
Internal Server Error: /data/
Traceback (most recent call last):
  File "C:\Users\JSANTIAGO\Projects\dashboard_project\venv\lib\site-packages\django\db\backends\utils.py", line 87, in _execute
    return self.cursor.execute(sql)
  File "C:\Users\JSANTIAGO\Projects\dashboard_project\venv\lib\site-packages\django\db\backends\sqlite3\base.py", line 324, in execute
    return super().execute(query)
sqlite3.OperationalError: no such table: YourTable

The above exception was the direct cause of the following exception:

Traceback (most recent call last):
  File "C:\Users\JSANTIAGO\Projects\dashboard_project\venv\lib\site-packages\django\core\handlers\exception.py", line 55, in inner
    response = get_response(request)
  File "C:\Users\JSANTIAGO\Projects\dashboard_project\venv\lib\site-packages\django\core\handlers\base.py", line 197, in _get_response
    response = wrapped_callback(request, *callback_args, **callback_kwargs)
  File "C:\Users\JSANTIAGO\Projects\dashboard_project\live_dashboard\dashboard\views.py", line 27, in sample_data
    cursor.execute("SELECT id, name, value FROM YourTable LIMIT 10")
  File "C:\Users\JSANTIAGO\Projects\dashboard_project\venv\lib\site-packages\django\db\backends\utils.py", line 102, in execute
    return super().execute(sql, params)
  File "C:\Users\JSANTIAGO\Projects\dashboard_project\venv\lib\site-packages\django\db\backends\utils.py", line 67, in execute
    return self._execute_with_wrappers(
  File "C:\Users\JSANTIAGO\Projects\dashboard_project\venv\lib\site-packages\django\db\backends\utils.py", line 80, in _execute_with_wrappers
    return executor(sql, params, many, context)
  File "C:\Users\JSANTIAGO\Projects\dashboard_project\venv\lib\site-packages\django\db\backends\utils.py", line 89, in _execute
    return self.cursor.execute(sql, params)
  File "C:\Users\JSANTIAGO\Projects\dashboard_project\venv\lib\site-packages\django\db\utils.py", line 91, in __exit__
    raise dj_exc_value.with_traceback(traceback) from exc_value
  File "C:\Users\JSANTIAGO\Projects\dashboard_project\venv\lib\site-packages\django\db\backends\utils.py", line 87, in _execute
    return self.cursor.execute(sql)
  File "C:\Users\JSANTIAGO\Projects\dashboard_project\venv\lib\site-packages\django\db\backends\sqlite3\base.py", line 324, in execute
    return super().execute(query)
django.db.utils.OperationalError: no such table: YourTable
[17/Jun/2025 14:26:14] "GET /data/ HTTP/1.1" 500 114431
Internal Server Error: /data/
Traceback (most recent call last):
  File "C:\Users\JSANTIAGO\Projects\dashboard_project\venv\lib\site-packages\django\db\backends\utils.py", line 87, in _execute
    return self.cursor.execute(sql)
  File "C:\Users\JSANTIAGO\Projects\dashboard_project\venv\lib\site-packages\django\db\backends\sqlite3\base.py", line 324, in execute
    return super().execute(query)
sqlite3.OperationalError: no such table: YourTable

The above exception was the direct cause of the following exception:

Traceback (most recent call last):
  File "C:\Users\JSANTIAGO\Projects\dashboard_project\venv\lib\site-packages\django\core\handlers\exception.py", line 55, in inner
    response = get_response(request)
  File "C:\Users\JSANTIAGO\Projects\dashboard_project\venv\lib\site-packages\django\core\handlers\base.py", line 197, in _get_response
    response = wrapped_callback(request, *callback_args, **callback_kwargs)
  File "C:\Users\JSANTIAGO\Projects\dashboard_project\live_dashboard\dashboard\views.py", line 27, in sample_data
    cursor.execute("SELECT id, name, value FROM YourTable LIMIT 10")
  File "C:\Users\JSANTIAGO\Projects\dashboard_project\venv\lib\site-packages\django\db\backends\utils.py", line 102, in execute
    return super().execute(sql, params)
  File "C:\Users\JSANTIAGO\Projects\dashboard_project\venv\lib\site-packages\django\db\backends\utils.py", line 67, in execute
    return self._execute_with_wrappers(
  File "C:\Users\JSANTIAGO\Projects\dashboard_project\venv\lib\site-packages\django\db\backends\utils.py", line 80, in _execute_with_wrappers
    return executor(sql, params, many, context)
  File "C:\Users\JSANTIAGO\Projects\dashboard_project\venv\lib\site-packages\django\db\backends\utils.py", line 89, in _execute
    return self.cursor.execute(sql, params)
  File "C:\Users\JSANTIAGO\Projects\dashboard_project\venv\lib\site-packages\django\db\utils.py", line 91, in __exit__
    raise dj_exc_value.with_traceback(traceback) from exc_value
  File "C:\Users\JSANTIAGO\Projects\dashboard_project\venv\lib\site-packages\django\db\backends\utils.py", line 87, in _execute
    return self.cursor.execute(sql)
  File "C:\Users\JSANTIAGO\Projects\dashboard_project\venv\lib\site-packages\django\db\backends\sqlite3\base.py", line 324, in execute
    return super().execute(query)
django.db.utils.OperationalError: no such table: YourTable
[17/Jun/2025 14:26:17] "GET /data/ HTTP/1.1" 500 114431
[17/Jun/2025 14:26:43] "GET /debug/ HTTP/1.1" 200 188
Internal Server Error: /data/
Traceback (most recent call last):
  File "C:\Users\JSANTIAGO\Projects\dashboard_project\venv\lib\site-packages\django\db\backends\utils.py", line 87, in _execute
    return self.cursor.execute(sql)
  File "C:\Users\JSANTIAGO\Projects\dashboard_project\venv\lib\site-packages\django\db\backends\sqlite3\base.py", line 324, in execute
    return super().execute(query)
sqlite3.OperationalError: no such table: YourTable

The above exception was the direct cause of the following exception:

Traceback (most recent call last):
  File "C:\Users\JSANTIAGO\Projects\dashboard_project\venv\lib\site-packages\django\core\handlers\exception.py", line 55, in inner
    response = get_response(request)
  File "C:\Users\JSANTIAGO\Projects\dashboard_project\venv\lib\site-packages\django\core\handlers\base.py", line 197, in _get_response
    response = wrapped_callback(request, *callback_args, **callback_kwargs)
  File "C:\Users\JSANTIAGO\Projects\dashboard_project\live_dashboard\dashboard\views.py", line 27, in sample_data
    cursor.execute("SELECT id, name, value FROM YourTable LIMIT 10")
  File "C:\Users\JSANTIAGO\Projects\dashboard_project\venv\lib\site-packages\django\db\backends\utils.py", line 102, in execute
    return super().execute(sql, params)
  File "C:\Users\JSANTIAGO\Projects\dashboard_project\venv\lib\site-packages\django\db\backends\utils.py", line 67, in execute
    return self._execute_with_wrappers(
  File "C:\Users\JSANTIAGO\Projects\dashboard_project\venv\lib\site-packages\django\db\backends\utils.py", line 80, in _execute_with_wrappers
    return executor(sql, params, many, context)
  File "C:\Users\JSANTIAGO\Projects\dashboard_project\venv\lib\site-packages\django\db\backends\utils.py", line 89, in _execute
    return self.cursor.execute(sql, params)
  File "C:\Users\JSANTIAGO\Projects\dashboard_project\venv\lib\site-packages\django\db\utils.py", line 91, in __exit__
    raise dj_exc_value.with_traceback(traceback) from exc_value
  File "C:\Users\JSANTIAGO\Projects\dashboard_project\venv\lib\site-packages\django\db\backends\utils.py", line 87, in _execute
    return self.cursor.execute(sql)
  File "C:\Users\JSANTIAGO\Projects\dashboard_project\venv\lib\site-packages\django\db\backends\sqlite3\base.py", line 324, in execute
    return super().execute(query)
django.db.utils.OperationalError: no such table: YourTable
[17/Jun/2025 14:33:58] "GET /data/ HTTP/1.1" 500 114294
C:\Users\JSANTIAGO\Projects\dashboard_project\live_dashboard\dashboard\views.py changed, reloading.
Performing system checks...

System check identified no issues (0 silenced).
June 17, 2025 - 14:25:55
Django version 4.2.23, using settings 'live_dashboard.settings'
Starting development server at http://127.0.0.1:8000/
Quit the server with CTRL-BREAK.

Watching for file changes with StatReloader
[17/Jun/2025 17:16:02] "GET / HTTP/1.1" 200 983
Internal Server Error: /data/
Traceback (most recent call last):
  File "C:\Users\JSANTIAGO\Projects\dashboard_project\venv\lib\site-packages\django\db\backends\utils.py", line 87, in _execute
    return self.cursor.execute(sql)
  File "C:\Users\JSANTIAGO\Projects\dashboard_project\venv\lib\site-packages\django\db\backends\sqlite3\base.py", line 324, in execute
    return super().execute(query)
sqlite3.OperationalError: no such table: YourTable

The above exception was the direct cause of the following exception:

Traceback (most recent call last):
  File "C:\Users\JSANTIAGO\Projects\dashboard_project\venv\lib\site-packages\django\core\handlers\exception.py", line 55, in inner
    response = get_response(request)
  File "C:\Users\JSANTIAGO\Projects\dashboard_project\venv\lib\site-packages\django\core\handlers\base.py", line 197, in _get_response
    response = wrapped_callback(request, *callback_args, **callback_kwargs)
  File "C:\Users\JSANTIAGO\Projects\dashboard_project\live_dashboard\dashboard\views.py", line 33, in sample_data
    cursor.execute("SELECT id, name, value FROM YourTable LIMIT 10")
  File "C:\Users\JSANTIAGO\Projects\dashboard_project\venv\lib\site-packages\django\db\backends\utils.py", line 102, in execute
    return super().execute(sql, params)
  File "C:\Users\JSANTIAGO\Projects\dashboard_project\venv\lib\site-packages\django\db\backends\utils.py", line 67, in execute
    return self._execute_with_wrappers(
  File "C:\Users\JSANTIAGO\Projects\dashboard_project\venv\lib\site-packages\django\db\backends\utils.py", line 80, in _execute_with_wrappers
    return executor(sql, params, many, context)
  File "C:\Users\JSANTIAGO\Projects\dashboard_project\venv\lib\site-packages\django\db\backends\utils.py", line 89, in _execute
    return self.cursor.execute(sql, params)
  File "C:\Users\JSANTIAGO\Projects\dashboard_project\venv\lib\site-packages\django\db\utils.py", line 91, in __exit__
    raise dj_exc_value.with_traceback(traceback) from exc_value
  File "C:\Users\JSANTIAGO\Projects\dashboard_project\venv\lib\site-packages\django\db\backends\utils.py", line 87, in _execute
    return self.cursor.execute(sql)
  File "C:\Users\JSANTIAGO\Projects\dashboard_project\venv\lib\site-packages\django\db\backends\sqlite3\base.py", line 324, in execute
    return super().execute(query)
django.db.utils.OperationalError: no such table: YourTable
[17/Jun/2025 17:16:03] "GET /data/ HTTP/1.1" 500 114034
Internal Server Error: /data/
Traceback (most recent call last):
  File "C:\Users\JSANTIAGO\Projects\dashboard_project\venv\lib\site-packages\django\db\backends\utils.py", line 87, in _execute
    return self.cursor.execute(sql)
  File "C:\Users\JSANTIAGO\Projects\dashboard_project\venv\lib\site-packages\django\db\backends\sqlite3\base.py", line 324, in execute
    return super().execute(query)
sqlite3.OperationalError: no such table: YourTable

The above exception was the direct cause of the following exception:

Traceback (most recent call last):
  File "C:\Users\JSANTIAGO\Projects\dashboard_project\venv\lib\site-packages\django\core\handlers\exception.py", line 55, in inner
    response = get_response(request)
  File "C:\Users\JSANTIAGO\Projects\dashboard_project\venv\lib\site-packages\django\core\handlers\base.py", line 197, in _get_response
    response = wrapped_callback(request, *callback_args, **callback_kwargs)
  File "C:\Users\JSANTIAGO\Projects\dashboard_project\live_dashboard\dashboard\views.py", line 33, in sample_data
    cursor.execute("SELECT id, name, value FROM YourTable LIMIT 10")
  File "C:\Users\JSANTIAGO\Projects\dashboard_project\venv\lib\site-packages\django\db\backends\utils.py", line 102, in execute
    return super().execute(sql, params)
  File "C:\Users\JSANTIAGO\Projects\dashboard_project\venv\lib\site-packages\django\db\backends\utils.py", line 67, in execute
    return self._execute_with_wrappers(
  File "C:\Users\JSANTIAGO\Projects\dashboard_project\venv\lib\site-packages\django\db\backends\utils.py", line 80, in _execute_with_wrappers
    return executor(sql, params, many, context)
  File "C:\Users\JSANTIAGO\Projects\dashboard_project\venv\lib\site-packages\django\db\backends\utils.py", line 89, in _execute
    return self.cursor.execute(sql, params)
  File "C:\Users\JSANTIAGO\Projects\dashboard_project\venv\lib\site-packages\django\db\utils.py", line 91, in __exit__
    raise dj_exc_value.with_traceback(traceback) from exc_value
  File "C:\Users\JSANTIAGO\Projects\dashboard_project\venv\lib\site-packages\django\db\backends\utils.py", line 87, in _execute
    return self.cursor.execute(sql)
  File "C:\Users\JSANTIAGO\Projects\dashboard_project\venv\lib\site-packages\django\db\backends\sqlite3\base.py", line 324, in execute
    return super().execute(query)
django.db.utils.OperationalError: no such table: YourTable
[17/Jun/2025 17:16:16] "GET /data/ HTTP/1.1" 500 114294
Traceback (most recent call last):
  File "manage.py", line 11, in main
    from django.core.management import execute_from_command_line
ModuleNotFoundError: No module named 'django'

The above exception was the direct cause of the following exception:

Traceback (most recent call last):
  File "manage.py", line 22, in <module>
    main()
  File "manage.py", line 13, in main
    raise ImportError(
ImportError: Couldn't import Django. Are you sure it's installed and available on your PYTHONPATH environment variable? Did you forget to activate a virtual environment?
Traceback (most recent call last):
  File "manage.py", line 11, in main
    from django.core.management import execute_from_command_line
ModuleNotFoundError: No module named 'django'

The above exception was the direct cause of the following exception:

Traceback (most recent call last):
  File "manage.py", line 22, in <module>
    main()
  File "manage.py", line 13, in main
    raise ImportError(
ImportError: Couldn't import Django. Are you sure it's installed and available on your PYTHONPATH environment variable? Did you forget to activate a virtual environment?
Traceback (most recent call last):
  File "manage.py", line 11, in main
    from django.core.management import execute_from_command_line
ModuleNotFoundError: No module named 'django'

The above exception was the direct cause of the following exception:

Traceback (most recent call last):
  File "manage.py", line 22, in <module>
    main()
  File "manage.py", line 13, in main
    raise ImportError(
ImportError: Couldn't import Django. Are you sure it's installed and available on your PYTHONPATH environment variable? Did you forget to activate a virtual environment?
Watching for file changes with StatReloader
[18/Jun/2025 13:37:01] "GET / HTTP/1.1" 200 983
[18/Jun/2025 13:37:01] "GET /data/ HTTP/1.1" 200 118
Not Found: /favicon.ico
[18/Jun/2025 13:37:01] "GET /favicon.ico HTTP/1.1" 404 2596
[18/Jun/2025 13:38:01] "GET /data/ HTTP/1.1" 200 118
[18/Jun/2025 13:39:01] "GET /data/ HTTP/1.1" 200 118
[18/Jun/2025 13:40:01] "GET /data/ HTTP/1.1" 200 118
[18/Jun/2025 13:41:01] "GET /data/ HTTP/1.1" 200 118
[18/Jun/2025 13:42:01] "GET /data/ HTTP/1.1" 200 118
[18/Jun/2025 13:43:01] "GET /data/ HTTP/1.1" 200 118
[18/Jun/2025 13:44:01] "GET /data/ HTTP/1.1" 200 118
[18/Jun/2025 13:45:02] "GET /data/ HTTP/1.1" 200 118
[18/Jun/2025 13:46:03] "GET /data/ HTTP/1.1" 200 118
[18/Jun/2025 13:47:04] "GET /data/ HTTP/1.1" 200 118
[18/Jun/2025 13:48:05] "GET /data/ HTTP/1.1" 200 118
[18/Jun/2025 13:49:06] "GET /data/ HTTP/1.1" 200 118
[18/Jun/2025 13:50:07] "GET /data/ HTTP/1.1" 200 118
[18/Jun/2025 13:51:08] "GET /data/ HTTP/1.1" 200 118
[18/Jun/2025 13:52:09] "GET /data/ HTTP/1.1" 200 118
[18/Jun/2025 13:53:10] "GET /data/ HTTP/1.1" 200 118
[18/Jun/2025 13:54:10] "GET /data/ HTTP/1.1" 200 118
[18/Jun/2025 13:55:10] "GET /data/ HTTP/1.1" 200 118
[18/Jun/2025 13:56:10] "GET /data/ HTTP/1.1" 200 118
[18/Jun/2025 13:57:10] "GET /data/ HTTP/1.1" 200 118
[18/Jun/2025 13:58:10] "GET /data/ HTTP/1.1" 200 118
[18/Jun/2025 13:59:10] "GET /data/ HTTP/1.1" 200 118
[18/Jun/2025 14:00:10] "GET /data/ HTTP/1.1" 200 118
[18/Jun/2025 14:01:10] "GET /data/ HTTP/1.1" 200 118
[18/Jun/2025 14:02:10] "GET /data/ HTTP/1.1" 200 118
[18/Jun/2025 14:03:10] "GET /data/ HTTP/1.1" 200 118
[18/Jun/2025 14:04:10] "GET /data/ HTTP/1.1" 200 118
[18/Jun/2025 14:05:10] "GET /data/ HTTP/1.1" 200 118
[18/Jun/2025 14:05:34] "GET / HTTP/1.1" 200 983
[18/Jun/2025 14:05:34] "GET /data/ HTTP/1.1" 200 118
[18/Jun/2025 14:05:40] "GET /data/ HTTP/1.1" 200 118
C:\Users\JSANTIAGO\Projects\dashboard_project\live_dashboard\dashboard\views.py changed, reloading.
Performing system checks...

System check identified no issues (0 silenced).
June 18, 2025 - 13:37:00
Django version 4.2.23, using settings 'live_dashboard.settings'
Starting development server at http://127.0.0.1:8000/
Quit the server with CTRL-BREAK.

Watching for file changes with StatReloader
C:\Users\JSANTIAGO\Projects\dashboard_project\live_dashboard\dashboard\views.py changed, reloading.
Performing system checks...

System check identified no issues (0 silenced).
June 18, 2025 - 14:06:35
Django version 4.2.23, using settings 'live_dashboard.settings'
Starting development server at http://127.0.0.1:8000/
Quit the server with CTRL-BREAK.

Watching for file changes with StatReloader
[18/Jun/2025 14:06:42] "GET /data/ HTTP/1.1" 200 208
[18/Jun/2025 14:23:52] "GET /data/ HTTP/1.1" 200 1060
[18/Jun/2025 14:23:59] "GET / HTTP/1.1" 200 983
[18/Jun/2025 14:23:59] "GET /data/ HTTP/1.1" 200 1060
[18/Jun/2025 14:25:00] "GET /data/ HTTP/1.1" 200 1060
[18/Jun/2025 14:25:24] "GET / HTTP/1.1" 200 983
[18/Jun/2025 14:25:25] "GET /data/ HTTP/1.1" 200 1060
[18/Jun/2025 14:25:35] "GET /data/ HTTP/1.1" 200 1060
[18/Jun/2025 14:25:47] "GET /debug/ HTTP/1.1" 200 188
[18/Jun/2025 14:25:59] "GET /data/ HTTP/1.1" 200 1060
C:\Users\JSANTIAGO\Projects\dashboard_project\live_dashboard\dashboard\views.py changed, reloading.
Performing system checks...

System check identified no issues (0 silenced).
June 18, 2025 - 14:06:40
Django version 4.2.23, using settings 'live_dashboard.settings'
Starting development server at http://127.0.0.1:8000/
Quit the server with CTRL-BREAK.

Watching for file changes with StatReloader
[18/Jun/2025 14:27:00] "GET /data/ HTTP/1.1" 200 1060
[18/Jun/2025 14:28:00] "GET /data/ HTTP/1.1" 200 1060
[18/Jun/2025 14:29:00] "GET /data/ HTTP/1.1" 200 1060
[18/Jun/2025 14:30:00] "GET /data/ HTTP/1.1" 200 1060
[18/Jun/2025 14:31:00] "GET /data/ HTTP/1.1" 200 1060
[18/Jun/2025 14:32:01] "GET /data/ HTTP/1.1" 200 1060
[18/Jun/2025 14:33:02] "GET /data/ HTTP/1.1" 200 1060
[18/Jun/2025 14:34:03] "GET /data/ HTTP/1.1" 200 1060
[18/Jun/2025 14:35:00] "GET /data/ HTTP/1.1" 200 1060
[18/Jun/2025 14:36:01] "GET /data/ HTTP/1.1" 200 1060
[18/Jun/2025 14:37:02] "GET /data/ HTTP/1.1" 200 1060
[18/Jun/2025 14:38:03] "GET /data/ HTTP/1.1" 200 1060
[18/Jun/2025 14:39:04] "GET /data/ HTTP/1.1" 200 1060
[18/Jun/2025 14:40:05] "GET /data/ HTTP/1.1" 200 1060
[18/Jun/2025 14:41:06] "GET /data/ HTTP/1.1" 200 1060
[18/Jun/2025 14:42:07] "GET /data/ HTTP/1.1" 200 1060
[18/Jun/2025 14:43:08] "GET /data/ HTTP/1.1" 200 1060
[18/Jun/2025 14:44:09] "GET /data/ HTTP/1.1" 200 1060
[18/Jun/2025 14:45:00] "GET /data/ HTTP/1.1" 200 1060
[18/Jun/2025 14:46:01] "GET /data/ HTTP/1.1" 200 1060
[18/Jun/2025 14:47:02] "GET /data/ HTTP/1.1" 200 1060
[18/Jun/2025 14:48:03] "GET /data/ HTTP/1.1" 200 1060
[18/Jun/2025 14:49:04] "GET /data/ HTTP/1.1" 200 1060
[18/Jun/2025 14:50:05] "GET /data/ HTTP/1.1" 200 1060
[18/Jun/2025 14:51:06] "GET /data/ HTTP/1.1" 200 1060
[18/Jun/2025 14:52:07] "GET /data/ HTTP/1.1" 200 1060
[18/Jun/2025 14:53:08] "GET /data/ HTTP/1.1" 200 1060
[18/Jun/2025 14:54:09] "GET /data/ HTTP/1.1" 200 1060
[18/Jun/2025 14:55:10] "GET /data/ HTTP/1.1" 200 1060
[18/Jun/2025 14:56:10] "GET /data/ HTTP/1.1" 200 1060
[18/Jun/2025 14:57:10] "GET /data/ HTTP/1.1" 200 1060
C:\Users\JSANTIAGO\Projects\dashboard_project\live_dashboard\dashboard\views.py changed, reloading.
Performing system checks...

System check identified no issues (0 silenced).
June 18, 2025 - 14:26:30
Django version 4.2.23, using settings 'live_dashboard.settings'
Starting development server at http://127.0.0.1:8000/
Quit the server with CTRL-BREAK.

Watching for file changes with StatReloader
[18/Jun/2025 14:58:10] "GET /data/ HTTP/1.1" 200 1060
C:\Users\JSANTIAGO\Projects\dashboard_project\live_dashboard\dashboard\urls.py changed, reloading.
Performing system checks...

System check identified no issues (0 silenced).
June 18, 2025 - 14:57:54
Django version 4.2.23, using settings 'live_dashboard.settings'
Starting development server at http://127.0.0.1:8000/
Quit the server with CTRL-BREAK.

Watching for file changes with StatReloader
[18/Jun/2025 14:59:10] "GET /data/ HTTP/1.1" 200 1060
C:\Users\JSANTIAGO\Projects\dashboard_project\live_dashboard\dashboard\views.py changed, reloading.
Performing system checks...

System check identified no issues (0 silenced).
June 18, 2025 - 14:58:47
Django version 4.2.23, using settings 'live_dashboard.settings'
Starting development server at http://127.0.0.1:8000/
Quit the server with CTRL-BREAK.

Watching for file changes with StatReloader
[18/Jun/2025 15:00:10] "GET /data/ HTTP/1.1" 200 1060
[18/Jun/2025 15:01:00] "GET /data/ HTTP/1.1" 200 1060
[18/Jun/2025 15:02:01] "GET /data/ HTTP/1.1" 200 1060
Internal Server Error: /data/gpd/
Traceback (most recent call last):
  File "C:\Users\JSANTIAGO\Projects\dashboard_project\venv\lib\site-packages\django\core\handlers\exception.py", line 55, in inner
    response = get_response(request)
  File "C:\Users\JSANTIAGO\Projects\dashboard_project\venv\lib\site-packages\django\core\handlers\base.py", line 197, in _get_response
    response = wrapped_callback(request, *callback_args, **callback_kwargs)
  File "C:\Users\JSANTIAGO\Projects\dashboard_project\live_dashboard\dashboard\views.py", line 42, in gpd_clients
    return JsonResponse(rows, safe=False)
NameError: name 'rows' is not defined
[18/Jun/2025 15:02:02] "GET /data/gpd/ HTTP/1.1" 500 72594
[18/Jun/2025 15:03:02] "GET /data/ HTTP/1.1" 200 1060
[18/Jun/2025 15:04:03] "GET /data/ HTTP/1.1" 200 1060
[18/Jun/2025 15:05:04] "GET /data/ HTTP/1.1" 200 1060
C:\Users\JSANTIAGO\Projects\dashboard_project\live_dashboard\dashboard\views.py changed, reloading.
Performing system checks...

System check identified no issues (0 silenced).
June 18, 2025 - 14:59:32
Django version 4.2.23, using settings 'live_dashboard.settings'
Starting development server at http://127.0.0.1:8000/
Quit the server with CTRL-BREAK.

Watching for file changes with StatReloader
C:\Users\JSANTIAGO\Projects\dashboard_project\live_dashboard\dashboard\views.py changed, reloading.
Performing system checks...

System check identified no issues (0 silenced).
June 18, 2025 - 15:05:29
Django version 4.2.23, using settings 'live_dashboard.settings'
Starting development server at http://127.0.0.1:8000/
Quit the server with CTRL-BREAK.

Watching for file changes with StatReloader
C:\Users\JSANTIAGO\Projects\dashboard_project\live_dashboard\dashboard\views.py changed, reloading.
Performing system checks...

System check identified no issues (0 silenced).
June 18, 2025 - 15:05:40
Django version 4.2.23, using settings 'live_dashboard.settings'
Starting development server at http://127.0.0.1:8000/
Quit the server with CTRL-BREAK.

Watching for file changes with StatReloader
[18/Jun/2025 15:05:48] "GET /data/gpd/ HTTP/1.1" 200 145
[18/Jun/2025 15:06:05] "GET /data/ HTTP/1.1" 200 1060
[18/Jun/2025 15:07:06] "GET /data/ HTTP/1.1" 200 1060
[18/Jun/2025 15:08:07] "GET /data/ HTTP/1.1" 200 1060
[18/Jun/2025 15:09:08] "GET /data/ HTTP/1.1" 200 1060
C:\Users\JSANTIAGO\Projects\dashboard_project\live_dashboard\dashboard\views.py changed, reloading.
Performing system checks...

System check identified no issues (0 silenced).
June 18, 2025 - 15:05:48
Django version 4.2.23, using settings 'live_dashboard.settings'
Starting development server at http://127.0.0.1:8000/
Quit the server with CTRL-BREAK.

Watching for file changes with StatReloader
[18/Jun/2025 15:10:09] "GET /data/ HTTP/1.1" 200 1060
[18/Jun/2025 15:11:10] "GET /data/ HTTP/1.1" 200 1060
[18/Jun/2025 15:12:10] "GET /data/ HTTP/1.1" 200 1060
[18/Jun/2025 15:13:10] "GET /data/ HTTP/1.1" 200 1060
[18/Jun/2025 15:14:10] "GET /data/ HTTP/1.1" 200 1060
[18/Jun/2025 15:15:10] "GET /data/ HTTP/1.1" 200 1060
[18/Jun/2025 15:16:10] "GET /data/ HTTP/1.1" 200 1060
[18/Jun/2025 15:17:10] "GET /data/ HTTP/1.1" 200 1060
[18/Jun/2025 15:18:10] "GET /data/ HTTP/1.1" 200 1060
[18/Jun/2025 15:19:10] "GET /data/ HTTP/1.1" 200 1060
[18/Jun/2025 15:20:10] "GET /data/ HTTP/1.1" 200 1060
[18/Jun/2025 15:21:10] "GET /data/ HTTP/1.1" 200 1060
[18/Jun/2025 15:22:10] "GET /data/ HTTP/1.1" 200 1060
[18/Jun/2025 15:23:10] "GET /data/ HTTP/1.1" 200 1060
[18/Jun/2025 15:24:10] "GET /data/ HTTP/1.1" 200 1060
[18/Jun/2025 15:25:10] "GET /data/ HTTP/1.1" 200 1060
[18/Jun/2025 15:26:10] "GET /data/ HTTP/1.1" 200 1060
[18/Jun/2025 15:27:10] "GET /data/ HTTP/1.1" 200 1060
[18/Jun/2025 15:28:10] "GET /data/ HTTP/1.1" 200 1060
[18/Jun/2025 15:29:10] "GET /data/ HTTP/1.1" 200 1060
[18/Jun/2025 15:30:10] "GET /data/ HTTP/1.1" 200 1060
[18/Jun/2025 15:31:10] "GET /data/ HTTP/1.1" 200 1060
Watching for file changes with StatReloader
[18/Jun/2025 16:39:31] "GET / HTTP/1.1" 200 983
[18/Jun/2025 16:39:31] "GET /data/ HTTP/1.1" 200 1060
[18/Jun/2025 16:40:07] "GET /data/ HTTP/1.1" 200 1060
[18/Jun/2025 16:40:31] "GET /data/ HTTP/1.1" 200 1060
[18/Jun/2025 16:41:08] "GET /data/ HTTP/1.1" 200 1060
[18/Jun/2025 16:41:31] "GET /data/ HTTP/1.1" 200 1060
[18/Jun/2025 16:42:00] "GET /data/ HTTP/1.1" 200 1060
[18/Jun/2025 16:42:31] "GET /data/ HTTP/1.1" 200 1060
[18/Jun/2025 16:43:01] "GET /data/ HTTP/1.1" 200 1060
[18/Jun/2025 16:43:31] "GET /data/ HTTP/1.1" 200 1060
[18/Jun/2025 16:44:02] "GET /data/ HTTP/1.1" 200 1060
[18/Jun/2025 16:44:31] "GET /data/ HTTP/1.1" 200 1060
[18/Jun/2025 16:45:04] "GET /data/ HTTP/1.1" 200 1060
[18/Jun/2025 16:45:31] "GET /data/ HTTP/1.1" 200 1060
[18/Jun/2025 16:46:04] "GET /data/ HTTP/1.1" 200 1060
[18/Jun/2025 16:46:31] "GET /data/ HTTP/1.1" 200 1060
[18/Jun/2025 16:47:05] "GET /data/ HTTP/1.1" 200 1060
[18/Jun/2025 16:47:31] "GET /data/ HTTP/1.1" 200 1060
[18/Jun/2025 16:48:06] "GET /data/ HTTP/1.1" 200 1060
[18/Jun/2025 16:48:31] "GET /data/ HTTP/1.1" 200 1060
[18/Jun/2025 16:49:07] "GET /data/ HTTP/1.1" 200 1060
[18/Jun/2025 16:49:31] "GET /data/ HTTP/1.1" 200 1060
[18/Jun/2025 16:50:08] "GET /data/ HTTP/1.1" 200 1060
[18/Jun/2025 16:50:31] "GET /data/ HTTP/1.1" 200 1060
[18/Jun/2025 16:51:09] "GET /data/ HTTP/1.1" 200 1060
[18/Jun/2025 16:51:31] "GET /data/ HTTP/1.1" 200 1060
[18/Jun/2025 16:52:10] "GET /data/ HTTP/1.1" 200 1060
[18/Jun/2025 16:52:31] "GET /data/ HTTP/1.1" 200 1060
[18/Jun/2025 16:53:10] "GET /data/ HTTP/1.1" 200 1060
[18/Jun/2025 16:53:31] "GET /data/ HTTP/1.1" 200 1060
[18/Jun/2025 16:54:10] "GET /data/ HTTP/1.1" 200 1060
[18/Jun/2025 16:54:31] "GET /data/ HTTP/1.1" 200 1060
[18/Jun/2025 16:55:10] "GET /data/ HTTP/1.1" 200 1060
[18/Jun/2025 16:55:31] "GET /data/ HTTP/1.1" 200 1060
[18/Jun/2025 16:56:10] "GET /data/ HTTP/1.1" 200 1060
[18/Jun/2025 16:56:31] "GET /data/ HTTP/1.1" 200 1060
[18/Jun/2025 16:57:10] "GET /data/ HTTP/1.1" 200 1060
[18/Jun/2025 16:57:31] "GET /data/ HTTP/1.1" 200 1060
[18/Jun/2025 16:58:10] "GET /data/ HTTP/1.1" 200 1060
[18/Jun/2025 16:58:31] "GET /data/ HTTP/1.1" 200 1060
[18/Jun/2025 16:59:10] "GET /data/ HTTP/1.1" 200 1060
[18/Jun/2025 16:59:31] "GET /data/ HTTP/1.1" 200 1060
[18/Jun/2025 17:00:10] "GET /data/ HTTP/1.1" 200 1060
[18/Jun/2025 17:00:31] "GET /data/ HTTP/1.1" 200 1060
[18/Jun/2025 17:01:10] "GET /data/ HTTP/1.1" 200 1060
[18/Jun/2025 17:01:31] "GET /data/ HTTP/1.1" 200 1060
[18/Jun/2025 17:02:10] "GET /data/ HTTP/1.1" 200 1060
[18/Jun/2025 17:02:31] "GET /data/ HTTP/1.1" 200 1060
[18/Jun/2025 17:03:10] "GET /data/ HTTP/1.1" 200 1060
[18/Jun/2025 17:03:31] "GET /data/ HTTP/1.1" 200 1060
[18/Jun/2025 17:04:10] "GET /data/ HTTP/1.1" 200 1060
[18/Jun/2025 17:04:31] "GET /data/ HTTP/1.1" 200 1060
[18/Jun/2025 17:05:10] "GET /data/ HTTP/1.1" 200 1060
[18/Jun/2025 17:05:31] "GET /data/ HTTP/1.1" 200 1060
[18/Jun/2025 17:06:10] "GET /data/ HTTP/1.1" 200 1060
[18/Jun/2025 17:06:31] "GET /data/ HTTP/1.1" 200 1060
[18/Jun/2025 17:07:10] "GET /data/ HTTP/1.1" 200 1060
[18/Jun/2025 17:07:31] "GET /data/ HTTP/1.1" 200 1060
[18/Jun/2025 17:08:10] "GET /data/ HTTP/1.1" 200 1060
[18/Jun/2025 17:08:31] "GET /data/ HTTP/1.1" 200 1060
[18/Jun/2025 17:09:10] "GET /data/ HTTP/1.1" 200 1060
[18/Jun/2025 17:09:31] "GET /data/ HTTP/1.1" 200 1060
[18/Jun/2025 17:10:10] "GET /data/ HTTP/1.1" 200 1060
[18/Jun/2025 17:10:31] "GET /data/ HTTP/1.1" 200 1060
[18/Jun/2025 17:11:10] "GET /data/ HTTP/1.1" 200 1060
[18/Jun/2025 17:11:31] "GET /data/ HTTP/1.1" 200 1060
[18/Jun/2025 17:12:10] "GET /data/ HTTP/1.1" 200 1060
[18/Jun/2025 17:12:31] "GET /data/ HTTP/1.1" 200 1060
[18/Jun/2025 17:13:10] "GET /data/ HTTP/1.1" 200 1060
[18/Jun/2025 17:13:31] "GET /data/ HTTP/1.1" 200 1060
[18/Jun/2025 17:14:10] "GET /data/ HTTP/1.1" 200 1060
[18/Jun/2025 17:14:31] "GET /data/ HTTP/1.1" 200 1060
[18/Jun/2025 17:15:10] "GET /data/ HTTP/1.1" 200 1060
[18/Jun/2025 17:15:31] "GET /data/ HTTP/1.1" 200 1060
[18/Jun/2025 17:16:10] "GET /data/ HTTP/1.1" 200 1060
[18/Jun/2025 17:16:31] "GET /data/ HTTP/1.1" 200 1060
[18/Jun/2025 17:17:10] "GET /data/ HTTP/1.1" 200 1060
[18/Jun/2025 17:17:31] "GET /data/ HTTP/1.1" 200 1060
[18/Jun/2025 17:18:10] "GET /data/ HTTP/1.1" 200 1060
[18/Jun/2025 17:18:31] "GET /data/ HTTP/1.1" 200 1060
[18/Jun/2025 17:19:10] "GET /data/ HTTP/1.1" 200 1060
[18/Jun/2025 17:19:31] "GET /data/ HTTP/1.1" 200 1060
[18/Jun/2025 17:20:10] "GET /data/ HTTP/1.1" 200 1060
[18/Jun/2025 17:20:31] "GET /data/ HTTP/1.1" 200 1060
[18/Jun/2025 17:21:10] "GET /data/ HTTP/1.1" 200 1060
[18/Jun/2025 17:21:31] "GET /data/ HTTP/1.1" 200 1060
[18/Jun/2025 17:22:10] "GET /data/ HTTP/1.1" 200 1060
[18/Jun/2025 17:22:31] "GET /data/ HTTP/1.1" 200 1060
[18/Jun/2025 17:23:10] "GET /data/ HTTP/1.1" 200 1060
[18/Jun/2025 17:23:31] "GET /data/ HTTP/1.1" 200 1060
[18/Jun/2025 17:24:10] "GET /data/ HTTP/1.1" 200 1060
[18/Jun/2025 17:24:31] "GET /data/ HTTP/1.1" 200 1060
[18/Jun/2025 17:25:10] "GET /data/ HTTP/1.1" 200 1060
[18/Jun/2025 17:25:31] "GET /data/ HTTP/1.1" 200 1060
[18/Jun/2025 17:26:10] "GET /data/ HTTP/1.1" 200 1060
[18/Jun/2025 17:26:31] "GET /data/ HTTP/1.1" 200 1060
[18/Jun/2025 17:27:10] "GET /data/ HTTP/1.1" 200 1060
[18/Jun/2025 17:27:31] "GET /data/ HTTP/1.1" 200 1060
[18/Jun/2025 17:28:10] "GET /data/ HTTP/1.1" 200 1060
[18/Jun/2025 17:28:31] "GET /data/ HTTP/1.1" 200 1060
[18/Jun/2025 17:29:10] "GET /data/ HTTP/1.1" 200 1060
[18/Jun/2025 17:29:31] "GET /data/ HTTP/1.1" 200 1060
[18/Jun/2025 17:30:10] "GET /data/ HTTP/1.1" 200 1060
[18/Jun/2025 17:30:31] "GET /data/ HTTP/1.1" 200 1060
[18/Jun/2025 17:31:10] "GET /data/ HTTP/1.1" 200 1060
[18/Jun/2025 17:31:31] "GET /data/ HTTP/1.1" 200 1060
[18/Jun/2025 17:32:10] "GET /data/ HTTP/1.1" 200 1060
[18/Jun/2025 17:32:31] "GET /data/ HTTP/1.1" 200 1060
[18/Jun/2025 17:33:10] "GET /data/ HTTP/1.1" 200 1060
[18/Jun/2025 17:33:31] "GET /data/ HTTP/1.1" 200 1060
[18/Jun/2025 17:34:10] "GET /data/ HTTP/1.1" 200 1060
[18/Jun/2025 17:34:32] "GET /data/ HTTP/1.1" 200 1060
[18/Jun/2025 17:35:10] "GET /data/ HTTP/1.1" 200 1060
[18/Jun/2025 17:35:33] "GET /data/ HTTP/1.1" 200 1060
[18/Jun/2025 17:36:10] "GET /data/ HTTP/1.1" 200 1060
[18/Jun/2025 17:36:34] "GET /data/ HTTP/1.1" 200 1060
[18/Jun/2025 17:37:10] "GET /data/ HTTP/1.1" 200 1060
[18/Jun/2025 17:37:35] "GET /data/ HTTP/1.1" 200 1060
[18/Jun/2025 17:38:10] "GET /data/ HTTP/1.1" 200 1060
[18/Jun/2025 17:38:36] "GET /data/ HTTP/1.1" 200 1060
[18/Jun/2025 17:39:10] "GET /data/ HTTP/1.1" 200 1060
[18/Jun/2025 17:39:37] "GET /data/ HTTP/1.1" 200 1060
[18/Jun/2025 17:40:10] "GET /data/ HTTP/1.1" 200 1060
[18/Jun/2025 17:40:38] "GET /data/ HTTP/1.1" 200 1060
[18/Jun/2025 17:41:10] "GET /data/ HTTP/1.1" 200 1060
[18/Jun/2025 17:41:39] "GET /data/ HTTP/1.1" 200 1060
[18/Jun/2025 17:42:10] "GET /data/ HTTP/1.1" 200 1060
[18/Jun/2025 17:42:40] "GET /data/ HTTP/1.1" 200 1060
[18/Jun/2025 17:43:41] "GET /data/ HTTP/1.1" 200 1060
[18/Jun/2025 17:44:42] "GET /data/ HTTP/1.1" 200 1060
[18/Jun/2025 19:19:59] "GET /data/ HTTP/1.1" 200 1060
[18/Jun/2025 19:20:31] "GET /data/ HTTP/1.1" 200 1060
[18/Jun/2025 19:21:31] "GET /data/ HTTP/1.1" 200 1060
[18/Jun/2025 19:22:31] "GET /data/ HTTP/1.1" 200 1060
[18/Jun/2025 19:23:31] "GET /data/ HTTP/1.1" 200 1060
[18/Jun/2025 19:24:31] "GET /data/ HTTP/1.1" 200 1060
[18/Jun/2025 19:25:31] "GET /data/ HTTP/1.1" 200 1060
[18/Jun/2025 19:26:31] "GET /data/ HTTP/1.1" 200 1060
[18/Jun/2025 19:27:31] "GET /data/ HTTP/1.1" 200 1060
[18/Jun/2025 19:28:31] "GET /data/ HTTP/1.1" 200 1060
[18/Jun/2025 19:29:31] "GET /data/ HTTP/1.1" 200 1060
[18/Jun/2025 19:30:31] "GET /data/ HTTP/1.1" 200 1060
[18/Jun/2025 19:31:31] "GET /data/ HTTP/1.1" 200 1060
[18/Jun/2025 19:32:31] "GET /data/ HTTP/1.1" 200 1060
[18/Jun/2025 19:33:31] "GET /data/ HTTP/1.1" 200 1060
[18/Jun/2025 19:34:31] "GET /data/ HTTP/1.1" 200 1060
[18/Jun/2025 19:35:31] "GET /data/ HTTP/1.1" 200 1060
[20/Jun/2025 08:53:28] "GET /data/ HTTP/1.1" 200 1060
[20/Jun/2025 08:53:32] "GET /data/ HTTP/1.1" 200 1060
[20/Jun/2025 08:54:43] "GET /data/ HTTP/1.1" 200 1060
[20/Jun/2025 09:00:45] "GET /data/ HTTP/1.1" 200 1060
[20/Jun/2025 09:01:31] "GET /data/ HTTP/1.1" 200 1060
[20/Jun/2025 09:02:31] "GET /data/ HTTP/1.1" 200 1060
[20/Jun/2025 09:29:31] "GET /data/ HTTP/1.1" 200 1060
[20/Jun/2025 09:41:50] "GET /data/ HTTP/1.1" 200 1060
[20/Jun/2025 09:44:44] "GET /data/ HTTP/1.1" 200 1060
[20/Jun/2025 09:45:31] "GET /data/ HTTP/1.1" 200 1060
[20/Jun/2025 09:46:31] "GET /data/ HTTP/1.1" 200 1060
[20/Jun/2025 09:47:31] "GET /data/ HTTP/1.1" 200 1060
[20/Jun/2025 09:48:31] "GET /data/ HTTP/1.1" 200 1060
[20/Jun/2025 09:49:31] "GET /data/ HTTP/1.1" 200 1060
[20/Jun/2025 09:50:31] "GET /data/ HTTP/1.1" 200 1060
[20/Jun/2025 09:51:31] "GET /data/ HTTP/1.1" 200 1060
[20/Jun/2025 09:52:31] "GET /data/ HTTP/1.1" 200 1060
[20/Jun/2025 09:53:32] "GET /data/ HTTP/1.1" 200 1060
[20/Jun/2025 09:54:33] "GET /data/ HTTP/1.1" 200 1060
[20/Jun/2025 09:55:34] "GET /data/ HTTP/1.1" 200 1060
[20/Jun/2025 09:56:31] "GET /data/ HTTP/1.1" 200 1060
[20/Jun/2025 09:57:31] "GET /data/ HTTP/1.1" 200 1060
[20/Jun/2025 09:57:40] "GET / HTTP/1.1" 200 983
[20/Jun/2025 09:57:40] "GET /data/ HTTP/1.1" 200 1060
[20/Jun/2025 09:58:40] "GET /data/ HTTP/1.1" 200 1060
[20/Jun/2025 09:59:40] "GET /data/ HTTP/1.1" 200 1060
[20/Jun/2025 10:00:40] "GET /data/ HTTP/1.1" 200 1060
[20/Jun/2025 10:01:40] "GET /data/ HTTP/1.1" 200 1060
[20/Jun/2025 10:02:40] "GET /data/ HTTP/1.1" 200 1060
[20/Jun/2025 10:03:40] "GET /data/ HTTP/1.1" 200 1060
[20/Jun/2025 10:04:40] "GET /data/ HTTP/1.1" 200 1060
[20/Jun/2025 10:05:41] "GET /data/ HTTP/1.1" 200 1060
[20/Jun/2025 10:06:42] "GET /data/ HTTP/1.1" 200 1060
[20/Jun/2025 10:07:43] "GET /data/ HTTP/1.1" 200 1060
[20/Jun/2025 10:08:44] "GET /data/ HTTP/1.1" 200 1060
[20/Jun/2025 10:09:45] "GET /data/ HTTP/1.1" 200 1060
[20/Jun/2025 10:10:46] "GET /data/ HTTP/1.1" 200 1060
[20/Jun/2025 10:11:47] "GET /data/ HTTP/1.1" 200 1060
[20/Jun/2025 10:12:48] "GET /data/ HTTP/1.1" 200 1060
[20/Jun/2025 10:13:49] "GET /data/ HTTP/1.1" 200 1060
[20/Jun/2025 10:14:50] "GET /data/ HTTP/1.1" 200 1060
[20/Jun/2025 10:15:51] "GET /data/ HTTP/1.1" 200 1060
[20/Jun/2025 10:16:52] "GET /data/ HTTP/1.1" 200 1060
[20/Jun/2025 10:17:53] "GET /data/ HTTP/1.1" 200 1060
[20/Jun/2025 10:18:54] "GET /data/ HTTP/1.1" 200 1060
[20/Jun/2025 10:19:55] "GET /data/ HTTP/1.1" 200 1060
[20/Jun/2025 10:20:56] "GET /data/ HTTP/1.1" 200 1060
[20/Jun/2025 10:21:57] "GET /data/ HTTP/1.1" 200 1060
[20/Jun/2025 10:22:58] "GET /data/ HTTP/1.1" 200 1060
[20/Jun/2025 10:23:59] "GET /data/ HTTP/1.1" 200 1060
[20/Jun/2025 10:25:00] "GET /data/ HTTP/1.1" 200 1060
[20/Jun/2025 10:26:01] "GET /data/ HTTP/1.1" 200 1060
[20/Jun/2025 10:27:02] "GET /data/ HTTP/1.1" 200 1060
[20/Jun/2025 10:28:03] "GET /data/ HTTP/1.1" 200 1060
[20/Jun/2025 10:29:04] "GET /data/ HTTP/1.1" 200 1060
[20/Jun/2025 10:30:05] "GET /data/ HTTP/1.1" 200 1060
[20/Jun/2025 10:31:06] "GET /data/ HTTP/1.1" 200 1060
[20/Jun/2025 10:32:07] "GET /data/ HTTP/1.1" 200 1060
[20/Jun/2025 10:33:08] "GET /data/ HTTP/1.1" 200 1060
[20/Jun/2025 10:34:09] "GET /data/ HTTP/1.1" 200 1060
[20/Jun/2025 10:35:09] "GET /data/ HTTP/1.1" 200 1060
[20/Jun/2025 10:36:09] "GET /data/ HTTP/1.1" 200 1060
[20/Jun/2025 10:37:09] "GET /data/ HTTP/1.1" 200 1060
[20/Jun/2025 10:38:09] "GET /data/ HTTP/1.1" 200 1060
[20/Jun/2025 10:39:09] "GET /data/ HTTP/1.1" 200 1060
[20/Jun/2025 10:40:09] "GET /data/ HTTP/1.1" 200 1060
[20/Jun/2025 10:41:09] "GET /data/ HTTP/1.1" 200 1060
[20/Jun/2025 10:42:09] "GET /data/ HTTP/1.1" 200 1060
[20/Jun/2025 10:43:09] "GET /data/ HTTP/1.1" 200 1060
[20/Jun/2025 10:44:09] "GET /data/ HTTP/1.1" 200 1060
[20/Jun/2025 10:45:09] "GET /data/ HTTP/1.1" 200 1060
[20/Jun/2025 10:46:09] "GET /data/ HTTP/1.1" 200 1060
[20/Jun/2025 10:47:09] "GET /data/ HTTP/1.1" 200 1060
[20/Jun/2025 10:48:09] "GET /data/ HTTP/1.1" 200 1060
[20/Jun/2025 10:49:09] "GET /data/ HTTP/1.1" 200 1060
[20/Jun/2025 10:50:09] "GET /data/ HTTP/1.1" 200 1060
[20/Jun/2025 10:51:09] "GET /data/ HTTP/1.1" 200 1060
[20/Jun/2025 10:52:09] "GET /data/ HTTP/1.1" 200 1060
[20/Jun/2025 10:53:09] "GET /data/ HTTP/1.1" 200 1060
[20/Jun/2025 10:54:09] "GET /data/ HTTP/1.1" 200 1060
[20/Jun/2025 10:55:09] "GET /data/ HTTP/1.1" 200 1060
[20/Jun/2025 10:56:09] "GET /data/ HTTP/1.1" 200 1060
[20/Jun/2025 10:57:09] "GET /data/ HTTP/1.1" 200 1060
[20/Jun/2025 10:58:09] "GET /data/ HTTP/1.1" 200 1060
[20/Jun/2025 10:59:09] "GET /data/ HTTP/1.1" 200 1060
[20/Jun/2025 11:00:09] "GET /data/ HTTP/1.1" 200 1060
[20/Jun/2025 11:01:09] "GET /data/ HTTP/1.1" 200 1060
[20/Jun/2025 11:02:09] "GET /data/ HTTP/1.1" 200 1060
[20/Jun/2025 11:03:09] "GET /data/ HTTP/1.1" 200 1060
[20/Jun/2025 11:05:04] "GET /data/ HTTP/1.1" 200 1060
[20/Jun/2025 11:05:40] "GET /data/ HTTP/1.1" 200 1060
[20/Jun/2025 11:06:40] "GET /data/ HTTP/1.1" 200 1060
[20/Jun/2025 11:07:40] "GET /data/ HTTP/1.1" 200 1060
[20/Jun/2025 11:08:40] "GET /data/ HTTP/1.1" 200 1060
[20/Jun/2025 11:09:39] "GET /data/ HTTP/1.1" 200 1060
[20/Jun/2025 11:10:39] "GET /data/ HTTP/1.1" 200 1060
[20/Jun/2025 11:11:39] "GET /data/ HTTP/1.1" 200 1060
[20/Jun/2025 11:12:40] "GET /data/ HTTP/1.1" 200 1060
[20/Jun/2025 11:13:40] "GET /data/ HTTP/1.1" 200 1060
[20/Jun/2025 11:14:39] "GET /data/ HTTP/1.1" 200 1060
[20/Jun/2025 11:15:39] "GET /data/ HTTP/1.1" 200 1060
[20/Jun/2025 11:16:39] "GET /data/ HTTP/1.1" 200 1060
[20/Jun/2025 11:17:40] "GET /data/ HTTP/1.1" 200 1060
[20/Jun/2025 11:18:40] "GET /data/ HTTP/1.1" 200 1060
[20/Jun/2025 11:19:39] "GET /data/ HTTP/1.1" 200 1060
[20/Jun/2025 11:20:40] "GET /data/ HTTP/1.1" 200 1060
[20/Jun/2025 11:21:40] "GET /data/ HTTP/1.1" 200 1060
[20/Jun/2025 11:22:40] "GET /data/ HTTP/1.1" 200 1060
[20/Jun/2025 11:23:40] "GET /data/ HTTP/1.1" 200 1060
[20/Jun/2025 11:24:40] "GET /data/ HTTP/1.1" 200 1060
[20/Jun/2025 11:25:41] "GET /data/ HTTP/1.1" 200 1060
[20/Jun/2025 11:26:42] "GET /data/ HTTP/1.1" 200 1060
[20/Jun/2025 11:27:43] "GET /data/ HTTP/1.1" 200 1060
[20/Jun/2025 11:28:44] "GET /data/ HTTP/1.1" 200 1060
[20/Jun/2025 11:29:45] "GET /data/ HTTP/1.1" 200 1060
[20/Jun/2025 11:30:46] "GET /data/ HTTP/1.1" 200 1060
[20/Jun/2025 11:31:47] "GET /data/ HTTP/1.1" 200 1060
[20/Jun/2025 11:32:48] "GET /data/ HTTP/1.1" 200 1060
[20/Jun/2025 11:33:49] "GET /data/ HTTP/1.1" 200 1060
[20/Jun/2025 11:34:50] "GET /data/ HTTP/1.1" 200 1060
[20/Jun/2025 11:35:51] "GET /data/ HTTP/1.1" 200 1060
[20/Jun/2025 11:36:40] "GET /data/ HTTP/1.1" 200 1060
[20/Jun/2025 11:37:41] "GET /data/ HTTP/1.1" 200 1060
[20/Jun/2025 11:38:42] "GET /data/ HTTP/1.1" 200 1060
[20/Jun/2025 11:39:43] "GET /data/ HTTP/1.1" 200 1060
[20/Jun/2025 11:40:44] "GET /data/ HTTP/1.1" 200 1060
[20/Jun/2025 11:41:45] "GET /data/ HTTP/1.1" 200 1060
[20/Jun/2025 11:42:46] "GET /data/ HTTP/1.1" 200 1060
[20/Jun/2025 11:43:47] "GET /data/ HTTP/1.1" 200 1060
[20/Jun/2025 11:44:47] "GET /data/ HTTP/1.1" 200 1060
[20/Jun/2025 11:45:48] "GET /data/ HTTP/1.1" 200 1060
[20/Jun/2025 11:46:49] "GET /data/ HTTP/1.1" 200 1060
[20/Jun/2025 11:47:50] "GET /data/ HTTP/1.1" 200 1060
[20/Jun/2025 11:48:39] "GET /data/ HTTP/1.1" 200 1060
[20/Jun/2025 11:49:39] "GET /data/ HTTP/1.1" 200 1060
[20/Jun/2025 11:50:39] "GET /data/ HTTP/1.1" 200 1060
[20/Jun/2025 11:51:40] "GET /data/ HTTP/1.1" 200 1060
[20/Jun/2025 11:52:41] "GET /data/ HTTP/1.1" 200 1060
[20/Jun/2025 11:53:42] "GET /data/ HTTP/1.1" 200 1060
[20/Jun/2025 11:54:43] "GET /data/ HTTP/1.1" 200 1060
[20/Jun/2025 11:55:44] "GET /data/ HTTP/1.1" 200 1060
[20/Jun/2025 11:56:45] "GET /data/ HTTP/1.1" 200 1060
[20/Jun/2025 11:57:46] "GET /data/ HTTP/1.1" 200 1060
[20/Jun/2025 11:58:47] "GET /data/ HTTP/1.1" 200 1060
[20/Jun/2025 11:59:48] "GET /data/ HTTP/1.1" 200 1060
[20/Jun/2025 12:00:49] "GET /data/ HTTP/1.1" 200 1060
[20/Jun/2025 12:01:50] "GET /data/ HTTP/1.1" 200 1060
[20/Jun/2025 12:02:51] "GET /data/ HTTP/1.1" 200 1060
[20/Jun/2025 12:03:52] "GET /data/ HTTP/1.1" 200 1060
[20/Jun/2025 12:04:53] "GET /data/ HTTP/1.1" 200 1060
[20/Jun/2025 12:05:54] "GET /data/ HTTP/1.1" 200 1060
[20/Jun/2025 12:06:55] "GET /data/ HTTP/1.1" 200 1060
[20/Jun/2025 12:07:56] "GET /data/ HTTP/1.1" 200 1060
[20/Jun/2025 12:08:57] "GET /data/ HTTP/1.1" 200 1060
[20/Jun/2025 12:09:58] "GET /data/ HTTP/1.1" 200 1060
[20/Jun/2025 12:10:59] "GET /data/ HTTP/1.1" 200 1060
[20/Jun/2025 12:12:00] "GET /data/ HTTP/1.1" 200 1060
[20/Jun/2025 12:13:01] "GET /data/ HTTP/1.1" 200 1060
[20/Jun/2025 12:14:02] "GET /data/ HTTP/1.1" 200 1060
[20/Jun/2025 12:15:03] "GET /data/ HTTP/1.1" 200 1060
[20/Jun/2025 12:16:04] "GET /data/ HTTP/1.1" 200 1060
[20/Jun/2025 12:17:05] "GET /data/ HTTP/1.1" 200 1060
[20/Jun/2025 12:18:06] "GET /data/ HTTP/1.1" 200 1060
[20/Jun/2025 12:19:07] "GET /data/ HTTP/1.1" 200 1060
[20/Jun/2025 12:20:08] "GET /data/ HTTP/1.1" 200 1060
[20/Jun/2025 12:21:08] "GET /data/ HTTP/1.1" 200 1060
[20/Jun/2025 12:22:08] "GET /data/ HTTP/1.1" 200 1060
[20/Jun/2025 12:22:39] "GET /data/ HTTP/1.1" 200 1060
[20/Jun/2025 12:23:39] "GET /data/ HTTP/1.1" 200 1060
[20/Jun/2025 12:24:39] "GET /data/ HTTP/1.1" 200 1060
[20/Jun/2025 12:25:39] "GET /data/ HTTP/1.1" 200 1060
[20/Jun/2025 12:26:39] "GET /data/ HTTP/1.1" 200 1060
[20/Jun/2025 12:27:39] "GET /data/ HTTP/1.1" 200 1060
[20/Jun/2025 12:28:39] "GET /data/ HTTP/1.1" 200 1060
[20/Jun/2025 12:29:39] "GET /data/ HTTP/1.1" 200 1060
[20/Jun/2025 12:30:39] "GET /data/ HTTP/1.1" 200 1060
[20/Jun/2025 12:31:39] "GET /data/ HTTP/1.1" 200 1060
[20/Jun/2025 12:32:39] "GET /data/ HTTP/1.1" 200 1060
[20/Jun/2025 12:33:39] "GET /data/ HTTP/1.1" 200 1060
C:\Users\JSANTIAGO\Projects\dashboard_project\live_dashboard\dashboard\urls.py changed, reloading.
Performing system checks...

System check identified no issues (0 silenced).
June 18, 2025 - 16:39:31
Django version 4.2.23, using settings 'live_dashboard.settings'
Starting development server at http://127.0.0.1:8000/
Quit the server with CTRL-BREAK.

Watching for file changes with StatReloader
[20/Jun/2025 12:34:39] "GET /data/ HTTP/1.1" 200 1060
Bad Request: /runquery/
[20/Jun/2025 12:34:54] "GET /runquery/ HTTP/1.1" 400 31
[20/Jun/2025 12:35:39] "GET /data/ HTTP/1.1" 200 1060
[20/Jun/2025 12:35:41] "POST /runquery/ HTTP/1.1" 200 616
[20/Jun/2025 12:36:40] "GET /data/ HTTP/1.1" 200 1060
[20/Jun/2025 12:37:41] "GET /data/ HTTP/1.1" 200 1060
[20/Jun/2025 12:38:42] "GET /data/ HTTP/1.1" 200 1060
[20/Jun/2025 12:39:43] "GET /data/ HTTP/1.1" 200 1060
[20/Jun/2025 12:40:44] "GET /data/ HTTP/1.1" 200 1060
[20/Jun/2025 12:41:45] "GET /data/ HTTP/1.1" 200 1060
[20/Jun/2025 12:42:46] "GET /data/ HTTP/1.1" 200 1060
Watching for file changes with StatReloader
[20/Jun/2025 12:43:40] "GET / HTTP/1.1" 200 1466
[20/Jun/2025 12:43:47] "GET /data/ HTTP/1.1" 200 1060
[20/Jun/2025 12:44:48] "GET /data/ HTTP/1.1" 200 1060
[20/Jun/2025 12:45:49] "GET /data/ HTTP/1.1" 200 1060
[20/Jun/2025 12:46:50] "GET /data/ HTTP/1.1" 200 1060
[20/Jun/2025 12:47:51] "GET /data/ HTTP/1.1" 200 1060
C:\Users\JSANTIAGO\Projects\dashboard_project\live_dashboard\dashboard\views.py changed, reloading.
Performing system checks...

System check identified no issues (0 silenced).
June 20, 2025 - 12:43:39
Django version 4.2.23, using settings 'live_dashboard.settings'
Starting development server at http://127.0.0.1:8000/
Quit the server with CTRL-BREAK.

Watching for file changes with StatReloader
Exception in thread django-main-thread:
Traceback (most recent call last):
  File "C:\Program Files\WindowsApps\PythonSoftwareFoundation.Python.3.8_3.8.2800.0_x64__qbz5n2kfra8p0\lib\threading.py", line 932, in _bootstrap_inner
    self.run()
  File "C:\Program Files\WindowsApps\PythonSoftwareFoundation.Python.3.8_3.8.2800.0_x64__qbz5n2kfra8p0\lib\threading.py", line 870, in run
    self._target(*self._args, **self._kwargs)
  File "C:\Users\JSANTIAGO\Projects\dashboard_project\venv\lib\site-packages\django\utils\autoreload.py", line 64, in wrapper
    fn(*args, **kwargs)
  File "C:\Users\JSANTIAGO\Projects\dashboard_project\venv\lib\site-packages\django\core\management\commands\runserver.py", line 133, in inner_run
    self.check(display_num_errors=True)
  File "C:\Users\JSANTIAGO\Projects\dashboard_project\venv\lib\site-packages\django\core\management\base.py", line 485, in check
    all_issues = checks.run_checks(
  File "C:\Users\JSANTIAGO\Projects\dashboard_project\venv\lib\site-packages\django\core\checks\registry.py", line 88, in run_checks
    new_errors = check(app_configs=app_configs, databases=databases)
  File "C:\Users\JSANTIAGO\Projects\dashboard_project\venv\lib\site-packages\django\core\checks\urls.py", line 14, in check_url_config
    return check_resolver(resolver)
  File "C:\Users\JSANTIAGO\Projects\dashboard_project\venv\lib\site-packages\django\core\checks\urls.py", line 24, in check_resolver
    return check_method()
  File "C:\Users\JSANTIAGO\Projects\dashboard_project\venv\lib\site-packages\django\urls\resolvers.py", line 494, in check
    for pattern in self.url_patterns:
  File "C:\Users\JSANTIAGO\Projects\dashboard_project\venv\lib\site-packages\django\utils\functional.py", line 57, in __get__
    res = instance.__dict__[self.name] = self.func(instance)
  File "C:\Users\JSANTIAGO\Projects\dashboard_project\venv\lib\site-packages\django\urls\resolvers.py", line 715, in url_patterns
    patterns = getattr(self.urlconf_module, "urlpatterns", self.urlconf_module)
  File "C:\Users\JSANTIAGO\Projects\dashboard_project\venv\lib\site-packages\django\utils\functional.py", line 57, in __get__
    res = instance.__dict__[self.name] = self.func(instance)
  File "C:\Users\JSANTIAGO\Projects\dashboard_project\venv\lib\site-packages\django\urls\resolvers.py", line 708, in urlconf_module
    return import_module(self.urlconf_name)
  File "C:\Program Files\WindowsApps\PythonSoftwareFoundation.Python.3.8_3.8.2800.0_x64__qbz5n2kfra8p0\lib\importlib\__init__.py", line 127, in import_module
    return _bootstrap._gcd_import(name[level:], package, level)
  File "<frozen importlib._bootstrap>", line 1014, in _gcd_import
  File "<frozen importlib._bootstrap>", line 991, in _find_and_load
  File "<frozen importlib._bootstrap>", line 975, in _find_and_load_unlocked
  File "<frozen importlib._bootstrap>", line 671, in _load_unlocked
  File "<frozen importlib._bootstrap_external>", line 848, in exec_module
  File "<frozen importlib._bootstrap>", line 219, in _call_with_frames_removed
  File "C:\Users\JSANTIAGO\Projects\dashboard_project\live_dashboard\live_dashboard\urls.py", line 22, in <module>
    path('', include('dashboard.urls')),  # \U0001f448 connect your apps URLs
  File "C:\Users\JSANTIAGO\Projects\dashboard_project\venv\lib\site-packages\django\urls\conf.py", line 38, in include
    urlconf_module = import_module(urlconf_module)
  File "C:\Program Files\WindowsApps\PythonSoftwareFoundation.Python.3.8_3.8.2800.0_x64__qbz5n2kfra8p0\lib\importlib\__init__.py", line 127, in import_module
    return _bootstrap._gcd_import(name[level:], package, level)
  File "<frozen importlib._bootstrap>", line 1014, in _gcd_import
  File "<frozen importlib._bootstrap>", line 991, in _find_and_load
  File "<frozen importlib._bootstrap>", line 975, in _find_and_load_unlocked
  File "<frozen importlib._bootstrap>", line 671, in _load_unlocked
  File "<frozen importlib._bootstrap_external>", line 848, in exec_module
  File "<frozen importlib._bootstrap>", line 219, in _call_with_frames_removed
  File "C:\Users\JSANTIAGO\Projects\dashboard_project\live_dashboard\dashboard\urls.py", line 9, in <module>
    path('runquery/', views.run_query, name='run_query'),
AttributeError: module 'dashboard.views' has no attribute 'run_query'
C:\Users\JSANTIAGO\Projects\dashboard_project\live_dashboard\dashboard\views.py changed, reloading.
Performing system checks...

Watching for file changes with StatReloader
C:\Users\JSANTIAGO\Projects\dashboard_project\live_dashboard\dashboard\urls.py changed, reloading.
Performing system checks...

System check identified no issues (0 silenced).
June 20, 2025 - 12:51:13
Django version 4.2.23, using settings 'live_dashboard.settings'
Starting development server at http://127.0.0.1:8000/
Quit the server with CTRL-BREAK.

Watching for file changes with StatReloader
Bad Request: /runquery/
[20/Jun/2025 12:51:25] "GET /runquery/ HTTP/1.1" 400 28
[20/Jun/2025 12:51:37] "GET / HTTP/1.1" 200 1466
Bad Request: /runquery/
[20/Jun/2025 12:51:45] "GET /runquery/ HTTP/1.1" 400 28
[20/Jun/2025 12:52:52] "POST /runquery/ HTTP/1.1" 200 616
C:\Users\JSANTIAGO\Projects\dashboard_project\live_dashboard\dashboard\views.py changed, reloading.
Performing system checks...

System check identified no issues (0 silenced).
June 20, 2025 - 12:51:16
Django version 4.2.23, using settings 'live_dashboard.settings'
Starting development server at http://127.0.0.1:8000/
Quit the server with CTRL-BREAK.

Watching for file changes with StatReloader
C:\Users\JSANTIAGO\Projects\dashboard_project\live_dashboard\dashboard\views.py changed, reloading.
Performing system checks...

System check identified no issues (0 silenced).
June 20, 2025 - 12:59:43
Django version 4.2.23, using settings 'live_dashboard.settings'
Starting development server at http://127.0.0.1:8000/
Quit the server with CTRL-BREAK.

Watching for file changes with StatReloader
[20/Jun/2025 13:05:29] "GET / HTTP/1.1" 200 1466
[20/Jun/2025 13:30:01] "POST /runquery/ HTTP/1.1" 200 1034
[20/Jun/2025 13:33:30] "POST /runquery/ HTTP/1.1" 200 85
[20/Jun/2025 13:35:07] "POST /runquery/ HTTP/1.1" 200 2510
